---
source: codegen-sdk-cst-generator/src/generator/state.rs
expression: snapshot_tokens(&enum_tokens)
---
#[derive(Debug, Clone, Eq, PartialEq, Drive, Hash, salsa::Update, Delegate)]
#[delegate(CSTNode<'db1>)]
pub enum NodeTypes<'db1> {
    Test(Test<'db1>),
}
impl<'db3> From<Test<'db3>> for NodeTypes<'db3> {
    fn from(node: Test<'db3>) -> Self {
        Self::Test(node)
    }
}
