---
source: codegen-sdk-cst-generator/src/generator/field.rs
expression: snapshot_tokens(&field.get_constructor_field())
---
test_field : Box :: new (get_child_by_field_name (& node , "test_field" , buffer) ?)
