---
source: codegen-sdk-cst-generator/src/generator/field.rs
expression: snapshot_tokens(&field.get_struct_field())
---
# [rkyv (omit_bounds)] pub test_field : Box < TestType >
