---
source: codegen-sdk-cst-generator/src/generator/node.rs
expression: snapshot_tokens(&tokens)
---
# [subenum (Subenum)] Test (Test)
